["Unknown at-rule `@custom-media` (csstree/validator)","At-rule `@media` should contain a prelude (csstree/validator)","At-rule `@media` should contain a prelude (csstree/validator)","Invalid value for \"-webkit-transform\" (csstree/validator)","Invalid value for \"-webkit-transform\" (csstree/validator)","Expected variable, function or keyword for \"#000\" of \"color\" (scale-unlimited/declaration-strict-value)","Unexpected \"width\" property. Use \"inline-size\". (plugin/use-logical-properties-and-values)","Unexpected \"max-width\" property. Use \"max-inline-size\". (plugin/use-logical-properties-and-values)","Expected \"padding\" to come before \"color\" (order/properties-order)","Expected \"margin\" to come before \"background\" (order/properties-order)","Expected \"margin-inline-start\" to come before \"margin-inline-end\" (order/properties-order)","Expected \"margin-block-end\" to come before \"margin-inline-start\" (order/properties-order)","Expected \"margin\" to come before \"background\" (order/properties-order)","Expected \"margin\" to come before \"background\" (order/properties-order)","Expected \"50%\" to be \"0.5\" (alpha-value-notation)","Expected \"100%\" to be \"1\" (alpha-value-notation)","Expected \"15%\" to be \"0.15\" (alpha-value-notation)","Expected empty line before at-rule (at-rule-empty-line-before)","Expected empty line before at-rule (at-rule-empty-line-before)","Expected empty line before at-rule (at-rule-empty-line-before)","Expected modern color-function notation (color-function-notation)","Expected modern color-function notation (color-function-notation)","Expected modern color-function notation (color-function-notation)","Expected modern color-function notation (color-function-notation)","Expected \"#ffffff\" to be \"#fff\" (color-hex-length)","Unexpected named color \"pink\" (color-named)","Unexpected named color \"pink\" (color-named)","Unexpected named color \"pink\" (color-named)","Unexpected named color \"pink\" (color-named)","Unexpected named color \"pink\" (color-named)","Unexpected named color \"pink\" (color-named)","Unexpected named color \"pink\" (color-named)","Unexpected named color \"pink\" (color-named)","Unexpected named color \"pink\" (color-named)","Unexpected named color \"pink\" (color-named)","Unexpected named color \"pink\" (color-named)","Unexpected named color \"pink\" (color-named)","Unexpected named color \"pink\" (color-named)","Unexpected named color \"pink\" (color-named)","Unexpected named color \"pink\" (color-named)","Expected empty line before comment (comment-empty-line-before)","Expected empty line before comment (comment-empty-line-before)","Expected whitespace after \"/*\" (comment-whitespace-inside)","Disallow experimental custom media queries. Can the problem be solved by a container query?","Expected empty line before custom property (custom-property-empty-line-before)","Expected shorthand property \"margin-inline\" (declaration-block-no-redundant-longhand-properties)","Expected shorthand property \"margin-block\" (declaration-block-no-redundant-longhand-properties)","Expected quotes around \"Times New Roman\" (font-family-name-quotes)","Expected quotes around \"MyFontVersion6\" (font-family-name-quotes)","Expected quotes around \"sake_case_font\" (font-family-name-quotes)","Expected \"CALC\" to be \"calc\" (function-name-case)","Expected quotes around \"url\" function argument (function-url-quotes)","Expected \"270\" to be \"270deg\" (hue-degree-notation)","Expected \"5\" to be \"5deg\" (hue-degree-notation)","Expected \"88\" to be \"88deg\" (hue-degree-notation)","Expected \"\"foo.css\"\" to be \"url(\"foo.css\")\" (import-notation)","Expected \"from\" to be \"0%\" (keyframe-selector-notation)","Expected keyframe name \"FOO\" to be kebab-case","Expected keyframe name \"invalidKeyFrameName\" to be kebab-case","Expected keyframe name \"invalid_key_frame_name\" to be kebab-case","Expected keyframe name \"InvalidKeyFrameName\" to be kebab-case","Unexpected unit (length-zero-no-unit)","Unexpected vendor-prefix (media-feature-name-no-vendor-prefix)","Expected \"context\" media feature range notation (media-feature-range-notation)","Expected \"context\" media feature range notation (media-feature-range-notation)","Expected \"context\" media feature range notation (media-feature-range-notation)","Unexpected duplicate selector \".shorthand-property-no-redundant-values\", first used at line 246 (no-duplicate-selectors)","Unexpected duplicate selector \".shorthand-property-no-redundant-values\", first used at line 246 (no-duplicate-selectors)","Unexpected duplicate selector \".shorthand-property-no-redundant-values\", first used at line 246 (no-duplicate-selectors)","Unexpected duplicate selector \".value-keyword-case\", first used at line 263 (no-duplicate-selectors)","Unexpected duplicate selector \".value-keyword-case\", first used at line 263 (no-duplicate-selectors)","Unexpected duplicate selector \".value-no-vendor-prefix\", first used at line 276 (no-duplicate-selectors)","Unexpected duplicate selector \".value-no-vendor-prefix\", first used at line 276 (no-duplicate-selectors)","Expected \"3.245634\" to be \"3.2456\" (number-max-precision)","Unexpected vendor-prefix \"-webkit-transform\" (property-no-vendor-prefix)","Unexpected vendor-prefix \"-webkit-transform\" (property-no-vendor-prefix)","Expected empty line before rule (rule-empty-line-before)","Expected empty line before rule (rule-empty-line-before)","Expected empty line before rule (rule-empty-line-before)","Expected empty line before rule (rule-empty-line-before)","Expected empty line before rule (rule-empty-line-before)","Expected empty line before rule (rule-empty-line-before)","Expected empty line before rule (rule-empty-line-before)","Expected empty line before rule (rule-empty-line-before)","Expected empty line before rule (rule-empty-line-before)","Expected empty line before rule (rule-empty-line-before)","Expected id selector \"#FOO\" to be kebab-case","Expected id selector \"#SelectorClassPatternA\" to be kebab-case","Expected id selector \"#selectorClassPatternB\" to be kebab-case","Expected id selector \"#selector_class_pattern_c\" to be kebab-case","Unexpected vendor-prefix \"::-moz-placeholder\" (selector-no-vendor-prefix)","Expected complex :not() pseudo-class notation (selector-not-notation)","Expected \"A\" to be \"a\" (selector-type-case)","Expected \"LI\" to be \"li\" (selector-type-case)","Expected \"1px 1px\" to be \"1px\" (shorthand-property-no-redundant-values)","Expected \"1px 1px 1px 1px\" to be \"1px\" (shorthand-property-no-redundant-values)","Expected \"1px 2px 1px\" to be \"1px 2px\" (shorthand-property-no-redundant-values)","Expected \"1px 2px 1px 2px\" to be \"1px 2px\" (shorthand-property-no-redundant-values)","Expected \"Block\" to be \"block\" (value-keyword-case)","Expected \"bLoCk\" to be \"block\" (value-keyword-case)","Expected \"BLOCK\" to be \"block\" (value-keyword-case)","Unexpected vendor-prefix \"-webkit-flex\" (value-no-vendor-prefix)","Unexpected vendor-prefix \"-moz-max-content\" (value-no-vendor-prefix)","Unexpected vendor-prefix \"-webkit-linear-gradient\" (value-no-vendor-prefix)"]