["csstree/validator","csstree/validator","csstree/validator","csstree/validator","csstree/validator","scale-unlimited/declaration-strict-value","plugin/use-logical-properties-and-values","plugin/use-logical-properties-and-values","order/properties-order","order/properties-order","order/properties-order","order/properties-order","order/properties-order","order/properties-order","alpha-value-notation","alpha-value-notation","alpha-value-notation","at-rule-empty-line-before","at-rule-empty-line-before","at-rule-empty-line-before","color-function-notation","color-function-notation","color-function-notation","color-function-notation","color-hex-length","color-named","color-named","color-named","color-named","color-named","color-named","color-named","color-named","color-named","color-named","color-named","color-named","color-named","color-named","color-named","comment-empty-line-before","comment-empty-line-before","comment-whitespace-inside","custom-media-pattern","custom-property-empty-line-before","declaration-block-no-redundant-longhand-properties","declaration-block-no-redundant-longhand-properties","font-family-name-quotes","font-family-name-quotes","font-family-name-quotes","function-name-case","function-url-quotes","hue-degree-notation","hue-degree-notation","hue-degree-notation","import-notation","keyframe-selector-notation","keyframes-name-pattern","keyframes-name-pattern","keyframes-name-pattern","keyframes-name-pattern","length-zero-no-unit","media-feature-name-no-vendor-prefix","media-feature-range-notation","media-feature-range-notation","media-feature-range-notation","no-duplicate-selectors","no-duplicate-selectors","no-duplicate-selectors","no-duplicate-selectors","no-duplicate-selectors","no-duplicate-selectors","no-duplicate-selectors","number-max-precision","property-no-vendor-prefix","property-no-vendor-prefix","rule-empty-line-before","rule-empty-line-before","rule-empty-line-before","rule-empty-line-before","rule-empty-line-before","rule-empty-line-before","rule-empty-line-before","rule-empty-line-before","rule-empty-line-before","rule-empty-line-before","selector-id-pattern","selector-id-pattern","selector-id-pattern","selector-id-pattern","selector-no-vendor-prefix","selector-not-notation","selector-type-case","selector-type-case","shorthand-property-no-redundant-values","shorthand-property-no-redundant-values","shorthand-property-no-redundant-values","shorthand-property-no-redundant-values","value-keyword-case","value-keyword-case","value-keyword-case","value-no-vendor-prefix","value-no-vendor-prefix","value-no-vendor-prefix"]